Archive member included to satisfy reference by file (symbol)

/opt/xpack/riscv-none-embed-gcc/bin/../lib/gcc/riscv-none-embed/10.2.0/rv32ec/ilp32e/libgcc.a(save-restore.o)
                              ./Peripheral/src/ch32v00x_flash.o (__riscv_save_2)
/opt/xpack/riscv-none-embed-gcc/bin/../lib/gcc/riscv-none-embed/10.2.0/rv32ec/ilp32e/libgcc.a(muldi3.o)
                              ./Debug/debug.o (__mulsi3)
/opt/xpack/riscv-none-embed-gcc/bin/../lib/gcc/riscv-none-embed/10.2.0/rv32ec/ilp32e/libgcc.a(div.o)
                              ./Peripheral/src/ch32v00x_usart.o (__divsi3)
/opt/xpack/riscv-none-embed-gcc/bin/../lib/gcc/riscv-none-embed/10.2.0/../../../../riscv-none-embed/lib/rv32ec/ilp32e/libg_nano.a(lib_a-printf.o)
                              ./User/main.o (printf)
/opt/xpack/riscv-none-embed-gcc/bin/../lib/gcc/riscv-none-embed/10.2.0/../../../../riscv-none-embed/lib/rv32ec/ilp32e/libg_nano.a(lib_a-puts.o)
                              ./User/main.o (puts)
/opt/xpack/riscv-none-embed-gcc/bin/../lib/gcc/riscv-none-embed/10.2.0/../../../../riscv-none-embed/lib/rv32ec/ilp32e/libg_nano.a(lib_a-wbuf.o)
                              /opt/xpack/riscv-none-embed-gcc/bin/../lib/gcc/riscv-none-embed/10.2.0/../../../../riscv-none-embed/lib/rv32ec/ilp32e/libg_nano.a(lib_a-puts.o) (__swbuf_r)
/opt/xpack/riscv-none-embed-gcc/bin/../lib/gcc/riscv-none-embed/10.2.0/../../../../riscv-none-embed/lib/rv32ec/ilp32e/libg_nano.a(lib_a-wsetup.o)
                              /opt/xpack/riscv-none-embed-gcc/bin/../lib/gcc/riscv-none-embed/10.2.0/../../../../riscv-none-embed/lib/rv32ec/ilp32e/libg_nano.a(lib_a-puts.o) (__swsetup_r)
/opt/xpack/riscv-none-embed-gcc/bin/../lib/gcc/riscv-none-embed/10.2.0/../../../../riscv-none-embed/lib/rv32ec/ilp32e/libg_nano.a(lib_a-fflush.o)
                              /opt/xpack/riscv-none-embed-gcc/bin/../lib/gcc/riscv-none-embed/10.2.0/../../../../riscv-none-embed/lib/rv32ec/ilp32e/libg_nano.a(lib_a-wbuf.o) (_fflush_r)
/opt/xpack/riscv-none-embed-gcc/bin/../lib/gcc/riscv-none-embed/10.2.0/../../../../riscv-none-embed/lib/rv32ec/ilp32e/libg_nano.a(lib_a-findfp.o)
                              /opt/xpack/riscv-none-embed-gcc/bin/../lib/gcc/riscv-none-embed/10.2.0/../../../../riscv-none-embed/lib/rv32ec/ilp32e/libg_nano.a(lib_a-printf.o) (__sinit)
/opt/xpack/riscv-none-embed-gcc/bin/../lib/gcc/riscv-none-embed/10.2.0/../../../../riscv-none-embed/lib/rv32ec/ilp32e/libg_nano.a(lib_a-fwalk.o)
                              /opt/xpack/riscv-none-embed-gcc/bin/../lib/gcc/riscv-none-embed/10.2.0/../../../../riscv-none-embed/lib/rv32ec/ilp32e/libg_nano.a(lib_a-findfp.o) (_fwalk)
/opt/xpack/riscv-none-embed-gcc/bin/../lib/gcc/riscv-none-embed/10.2.0/../../../../riscv-none-embed/lib/rv32ec/ilp32e/libg_nano.a(lib_a-impure.o)
                              /opt/xpack/riscv-none-embed-gcc/bin/../lib/gcc/riscv-none-embed/10.2.0/../../../../riscv-none-embed/lib/rv32ec/ilp32e/libg_nano.a(lib_a-fflush.o) (_global_impure_ptr)
/opt/xpack/riscv-none-embed-gcc/bin/../lib/gcc/riscv-none-embed/10.2.0/../../../../riscv-none-embed/lib/rv32ec/ilp32e/libg_nano.a(lib_a-makebuf.o)
                              /opt/xpack/riscv-none-embed-gcc/bin/../lib/gcc/riscv-none-embed/10.2.0/../../../../riscv-none-embed/lib/rv32ec/ilp32e/libg_nano.a(lib_a-wsetup.o) (__smakebuf_r)
/opt/xpack/riscv-none-embed-gcc/bin/../lib/gcc/riscv-none-embed/10.2.0/../../../../riscv-none-embed/lib/rv32ec/ilp32e/libg_nano.a(lib_a-memset.o)
                              /opt/xpack/riscv-none-embed-gcc/bin/../lib/gcc/riscv-none-embed/10.2.0/../../../../riscv-none-embed/lib/rv32ec/ilp32e/libg_nano.a(lib_a-findfp.o) (memset)
/opt/xpack/riscv-none-embed-gcc/bin/../lib/gcc/riscv-none-embed/10.2.0/../../../../riscv-none-embed/lib/rv32ec/ilp32e/libg_nano.a(lib_a-nano-freer.o)
                              /opt/xpack/riscv-none-embed-gcc/bin/../lib/gcc/riscv-none-embed/10.2.0/../../../../riscv-none-embed/lib/rv32ec/ilp32e/libg_nano.a(lib_a-wsetup.o) (_free_r)
/opt/xpack/riscv-none-embed-gcc/bin/../lib/gcc/riscv-none-embed/10.2.0/../../../../riscv-none-embed/lib/rv32ec/ilp32e/libg_nano.a(lib_a-nano-mallocr.o)
                              /opt/xpack/riscv-none-embed-gcc/bin/../lib/gcc/riscv-none-embed/10.2.0/../../../../riscv-none-embed/lib/rv32ec/ilp32e/libg_nano.a(lib_a-findfp.o) (_malloc_r)
/opt/xpack/riscv-none-embed-gcc/bin/../lib/gcc/riscv-none-embed/10.2.0/../../../../riscv-none-embed/lib/rv32ec/ilp32e/libg_nano.a(lib_a-nano-vfprintf.o)
                              /opt/xpack/riscv-none-embed-gcc/bin/../lib/gcc/riscv-none-embed/10.2.0/../../../../riscv-none-embed/lib/rv32ec/ilp32e/libg_nano.a(lib_a-printf.o) (_vfprintf_r)
/opt/xpack/riscv-none-embed-gcc/bin/../lib/gcc/riscv-none-embed/10.2.0/../../../../riscv-none-embed/lib/rv32ec/ilp32e/libg_nano.a(lib_a-sbrkr.o)
[...]
Memory Configuration

Name             Origin             Length             Attributes
FLASH            0x0000000000000000 0x0000000000004000 xr
RAM              0x0000000020000000 0x0000000000000800 xrw
*default*        0x0000000000000000 0xffffffffffffffff

Linker script and memory map

LOAD ./User/ch32v00x_it.o
LOAD ./User/main.o
LOAD ./User/system_ch32v00x.o
LOAD ./Startup/startup_ch32v00x.o
LOAD ./Peripheral/src/ch32v00x_adc.o
LOAD ./Peripheral/src/ch32v00x_dbgmcu.o
LOAD ./Peripheral/src/ch32v00x_dma.o
LOAD ./Peripheral/src/ch32v00x_exti.o
LOAD ./Peripheral/src/ch32v00x_flash.o
LOAD ./Peripheral/src/ch32v00x_gpio.o
LOAD ./Peripheral/src/ch32v00x_i2c.o
LOAD ./Peripheral/src/ch32v00x_iwdg.o
LOAD ./Peripheral/src/ch32v00x_misc.o
LOAD ./Peripheral/src/ch32v00x_opa.o
LOAD ./Peripheral/src/ch32v00x_pwr.o
LOAD ./Peripheral/src/ch32v00x_rcc.o
LOAD ./Peripheral/src/ch32v00x_spi.o
LOAD ./Peripheral/src/ch32v00x_tim.o
LOAD ./Peripheral/src/ch32v00x_usart.o
LOAD ./Peripheral/src/ch32v00x_wwdg.o
LOAD ./Debug/debug.o
LOAD ./Core/core_riscv.o
LOAD /opt/xpack/riscv-none-embed-gcc/bin/../lib/gcc/riscv-none-embed/10.2.0/rv32ec/ilp32e/libgcc.a
LOAD /opt/xpack/riscv-none-embed-gcc/bin/../lib/gcc/riscv-none-embed/10.2.0/../../../../riscv-none-embed/lib/rv32ec/ilp32e/libg_nano.a
LOAD /opt/xpack/riscv-none-embed-gcc/bin/../lib/gcc/riscv-none-embed/10.2.0/../../../../riscv-none-embed/lib/rv32ec/ilp32e/libc_nano.a
LOAD /opt/xpack/riscv-none-embed-gcc/bin/../lib/gcc/riscv-none-embed/10.2.0/rv32ec/ilp32e/libgcc.a
START GROUP
LOAD /opt/xpack/riscv-none-embed-gcc/bin/../lib/gcc/riscv-none-embed/10.2.0/rv32ec/ilp32e/libgcc.a
LOAD /opt/xpack/riscv-none-embed-gcc/bin/../lib/gcc/riscv-none-embed/10.2.0/../../../../riscv-none-embed/lib/rv32ec/ilp32e/libc_nano.a
LOAD /opt/xpack/riscv-none-embed-gcc/bin/../lib/gcc/riscv-none-embed/10.2.0/../../../../riscv-none-embed/lib/rv32ec/ilp32e/libnosys.a
END GROUP
START GROUP
LOAD /opt/xpack/riscv-none-embed-gcc/bin/../lib/gcc/riscv-none-embed/10.2.0/rv32ec/ilp32e/libgcc.a
LOAD /opt/xpack/riscv-none-embed-gcc/bin/../lib/gcc/riscv-none-embed/10.2.0/../../../../riscv-none-embed/lib/rv32ec/ilp32e/libc_nano.a
LOAD /opt/xpack/riscv-none-embed-gcc/bin/../lib/gcc/riscv-none-embed/10.2.0/../../../../riscv-none-embed/lib/rv32ec/ilp32e/libnosys.a
END GROUP
                0x0000000000000100                __stack_size = 0x100
                [!provide]                        PROVIDE (_stack_size = __stack_size)

.init           0x0000000000000000       0xa0
                0x0000000000000000                _sinit = .
                0x0000000000000000                . = ALIGN (0x4)
 *(SORT_NONE(.init))
 .init          0x0000000000000000       0x9e ./Startup/startup_ch32v00x.o
                0x0000000000000000                _start
                0x00000000000000a0                . = ALIGN (0x4)
 *fill*         0x000000000000009e        0x2 
                0x00000000000000a0                _einit = .

.text           0x00000000000000a0     0x1a9c
                0x00000000000000a0                . = ALIGN (0x4)
 *(.text)
 .text          0x00000000000000a0       0x14 /opt/xpack/riscv-none-embed-gcc/bin/../lib/gcc/riscv-none-embed/10.2.0/rv32ec/ilp32e/libgcc.a(save-restore.o)
                0x00000000000000a0                __riscv_save_1
                0x00000000000000a0                __riscv_save_2
                0x00000000000000a0                __riscv_save_0
                0x00000000000000aa                __riscv_restore_2
                0x00000000000000aa                __riscv_restore_0
                0x00000000000000aa                __riscv_restore_1
 .text          0x00000000000000b4       0x16 /opt/xpack/riscv-none-embed-gcc/bin/../lib/gcc/riscv-none-embed/10.2.0/rv32ec/ilp32e/libgcc.a(muldi3.o)
                0x00000000000000b4                __mulsi3
 *fill*         0x00000000000000ca        0x2 
 .text          0x00000000000000cc       0x7e /opt/xpack/riscv-none-embed-gcc/bin/../lib/gcc/riscv-none-embed/10.2.0/rv32ec/ilp32e/libgcc.a(div.o)
                0x00000000000000cc                __divsi3
                0x00000000000000d4                __udivsi3
                0x0000000000000100                __umodsi3
                0x0000000000000124                __modsi3
 .text          0x000000000000014a       0xa8 /opt/xpack/riscv-none-embed-gcc/bin/../lib/gcc/riscv-none-embed/10.2.0/../../../../riscv-none-embed/lib/rv32ec/ilp32e/libg_nano.a(lib_a-memset.o)
                0x000000000000014a                memset
 *(.text.*)
 .text.NMI_Handler
                0x00000000000001f2        0x2 ./User/ch32v00x_it.o
                0x00000000000001f2                NMI_Handler
 .text.HardFault_Handler
                0x00000000000001f4        0x2 ./User/ch32v00x_it.o
                0x00000000000001f4                HardFault_Handler
 .text.GPIO_Toggle_INIT
                0x00000000000001f6       0x32 ./User/main.o
                0x00000000000001f6                GPIO_Toggle_INIT
 .text.startup.main
                0x0000000000000228       0x4e ./User/main.o
                0x0000000000000228                main
 .text.SystemInit
                0x0000000000000276       0xfe ./User/system_ch32v00x.o
                0x0000000000000276                SystemInit
 .text.vector_handler
                0x0000000000000374       0x36 ./Startup/startup_ch32v00x.o
                0x0000000000000378                SysTick_Handler
                0x000000000000037a                SW_Handler
                0x000000000000037c                WWDG_IRQHandler
                0x000000000000037e                PVD_IRQHandler
                0x0000000000000380                FLASH_IRQHandler
                0x0000000000000382                RCC_IRQHandler
                0x0000000000000384                EXTI7_0_IRQHandler
                0x0000000000000386                AWU_IRQHandler
                0x0000000000000388                DMA1_Channel1_IRQHandler
                0x000000000000038a                DMA1_Channel2_IRQHandler
                0x000000000000038c                DMA1_Channel3_IRQHandler
                0x000000000000038e                DMA1_Channel4_IRQHandler
                0x0000000000000390                DMA1_Channel5_IRQHandler
                0x0000000000000392                DMA1_Channel6_IRQHandler
                0x0000000000000394                DMA1_Channel7_IRQHandler
                0x0000000000000396                ADC1_IRQHandler
                0x0000000000000398                I2C1_EV_IRQHandler
                0x000000000000039a                I2C1_ER_IRQHandler
                0x000000000000039c                USART1_IRQHandler
                0x000000000000039e                SPI1_IRQHandler
                0x00000000000003a0                TIM1_BRK_IRQHandler
                0x00000000000003a2                TIM1_UP_IRQHandler
                0x00000000000003a4                TIM1_TRG_COM_IRQHandler
                0x00000000000003a6                TIM1_CC_IRQHandler
                0x00000000000003a8                TIM2_IRQHandler
 .text.handle_reset
                0x00000000000003aa       0x7c ./Startup/startup_ch32v00x.o
                0x00000000000003aa                handle_reset
 .text.GPIO_Init
                0x0000000000000426       0xd6 ./Peripheral/src/ch32v00x_gpio.o
                0x0000000000000426                GPIO_Init
 .text.GPIO_WriteBit
                0x00000000000004fc        0xa ./Peripheral/src/ch32v00x_gpio.o
                0x00000000000004fc                GPIO_WriteBit
 .text.NVIC_PriorityGroupConfig
                0x0000000000000506        0x6 ./Peripheral/src/ch32v00x_misc.o
                0x0000000000000506                NVIC_PriorityGroupConfig
 .text.RCC_GetClocksFreq
                0x000000000000050c       0x98 ./Peripheral/src/ch32v00x_rcc.o
                0x000000000000050c                RCC_GetClocksFreq
 .text.RCC_APB2PeriphClockCmd
                0x00000000000005a4       0x1e ./Peripheral/src/ch32v00x_rcc.o
                0x00000000000005a4                RCC_APB2PeriphClockCmd
 .text.USART_Init
                0x00000000000005c2       0xe6 ./Peripheral/src/ch32v00x_usart.o
                0x00000000000005c2                USART_Init
 .text.USART_Cmd
                0x00000000000006a8       0x1c ./Peripheral/src/ch32v00x_usart.o
                0x00000000000006a8                USART_Cmd
 .text.USART_SendData
                0x00000000000006c4        0xa ./Peripheral/src/ch32v00x_usart.o
                0x00000000000006c4                USART_SendData
 .text.USART_GetFlagStatus
                0x00000000000006ce        0xc ./Peripheral/src/ch32v00x_usart.o
                0x00000000000006ce                USART_GetFlagStatus
 .text.Delay_Init
                0x00000000000006da       0x30 ./Debug/debug.o
                0x00000000000006da                Delay_Init
 .text.Delay_Ms
                0x000000000000070a       0x36 ./Debug/debug.o
                0x000000000000070a                Delay_Ms
 .text.USART_Printf_Init
                0x0000000000000740       0x54 ./Debug/debug.o
                0x0000000000000740                USART_Printf_Init
 .text._write   0x0000000000000794       0x4e ./Debug/debug.o
                0x0000000000000794                _write
 .text._sbrk    0x00000000000007e2       0x26 ./Debug/debug.o
                0x00000000000007e2                _sbrk
 .text.printf   0x0000000000000808       0x3e /opt/xpack/riscv-none-embed-gcc/bin/../lib/gcc/riscv-none-embed/10.2.0/../../../../riscv-none-embed/lib/rv32ec/ilp32e/libg_nano.a(lib_a-printf.o)
                0x0000000000000808                printf
                0x0000000000000808                iprintf
 .text._puts_r  0x0000000000000846       0xd2 /opt/xpack/riscv-none-embed-gcc/bin/../lib/gcc/riscv-none-embed/10.2.0/../../../../riscv-none-embed/lib/rv32ec/ilp32e/libg_nano.a(lib_a-puts.o)
                0x0000000000000846                _puts_r
 .text.puts     0x0000000000000918        0xc /opt/xpack/riscv-none-embed-gcc/bin/../lib/gcc/riscv-none-embed/10.2.0/../../../../riscv-none-embed/lib/rv32ec/ilp32e/libg_nano.a(lib_a-puts.o)
                0x0000000000000918                puts
 .text.__swbuf_r
                0x0000000000000924       0xc8 /opt/xpack/riscv-none-embed-gcc/bin/../lib/gcc/riscv-none-embed/10.2.0/../../../../riscv-none-embed/lib/rv32ec/ilp32e/libg_nano.a(lib_a-wbuf.o)
                0x0000000000000924                __swbuf_r
 .text.__swsetup_r
                0x00000000000009ec      0x114 /opt/xpack/riscv-none-embed-gcc/bin/../lib/gcc/riscv-none-embed/10.2.0/../../../../riscv-none-embed/lib/rv32ec/ilp32e/libg_nano.a(lib_a-wsetup.o)
                0x00000000000009ec                __swsetup_r
 .text.__sflush_r
                0x0000000000000b00      0x13e /opt/xpack/riscv-none-embed-gcc/bin/../lib/gcc/riscv-none-embed/10.2.0/../../../../riscv-none-embed/lib/rv32ec/ilp32e/libg_nano.a(lib_a-fflush.o)
                0x0000000000000b00                __sflush_r
 .text._fflush_r
                0x0000000000000c3e       0x64 /opt/xpack/riscv-none-embed-gcc/bin/../lib/gcc/riscv-none-embed/10.2.0/../../../../riscv-none-embed/lib/rv32ec/ilp32e/libg_nano.a(lib_a-fflush.o)
                0x0000000000000c3e                _fflush_r
 .text.std      0x0000000000000ca2       0x6a /opt/xpack/riscv-none-embed-gcc/bin/../lib/gcc/riscv-none-embed/10.2.0/../../../../riscv-none-embed/lib/rv32ec/ilp32e/libg_nano.a(lib_a-findfp.o)
 .text._cleanup_r
                0x0000000000000d0c        0xa /opt/xpack/riscv-none-embed-gcc/bin/../lib/gcc/riscv-none-embed/10.2.0/../../../../riscv-none-embed/lib/rv32ec/ilp32e/libg_nano.a(lib_a-findfp.o)
                0x0000000000000d0c                _cleanup_r
 .text.__sfmoreglue
                0x0000000000000d16       0x46 /opt/xpack/riscv-none-embed-gcc/bin/../lib/gcc/riscv-none-embed/10.2.0/../../../../riscv-none-embed/lib/rv32ec/ilp32e/libg_nano.a(lib_a-findfp.o)
                0x0000000000000d16                __sfmoreglue
 .text.__sinit  0x0000000000000d5c       0x66 /opt/xpack/riscv-none-embed-gcc/bin/../lib/gcc/riscv-none-embed/10.2.0/../../../../riscv-none-embed/lib/rv32ec/ilp32e/libg_nano.a(lib_a-findfp.o)
                0x0000000000000d5c                __sinit
 .text.__sfp    0x0000000000000dc2       0x98 /opt/xpack/riscv-none-embed-gcc/bin/../lib/gcc/riscv-none-embed/10.2.0/../../../../riscv-none-embed/lib/rv32ec/ilp32e/libg_nano.a(lib_a-findfp.o)
                0x0000000000000dc2                __sfp
 .text._fwalk_reent
                0x0000000000000e5a       0x5e /opt/xpack/riscv-none-embed-gcc/bin/../lib/gcc/riscv-none-embed/10.2.0/../../../../riscv-none-embed/lib/rv32ec/ilp32e/libg_nano.a(lib_a-fwalk.o)
                0x0000000000000e5a                _fwalk_reent
 .text.__swhatbuf_r
                0x0000000000000eb8       0x62 /opt/xpack/riscv-none-embed-gcc/bin/../lib/gcc/riscv-none-embed/10.2.0/../../../../riscv-none-embed/lib/rv32ec/ilp32e/libg_nano.a(lib_a-makebuf.o)
                0x0000000000000eb8                __swhatbuf_r
 .text.__smakebuf_r
                0x0000000000000f1a       0x9a /opt/xpack/riscv-none-embed-gcc/bin/../lib/gcc/riscv-none-embed/10.2.0/../../../../riscv-none-embed/lib/rv32ec/ilp32e/libg_nano.a(lib_a-makebuf.o)
                0x0000000000000f1a                __smakebuf_r
 .text._free_r  0x0000000000000fb4       0x9e /opt/xpack/riscv-none-embed-gcc/bin/../lib/gcc/riscv-none-embed/10.2.0/../../../../riscv-none-embed/lib/rv32ec/ilp32e/libg_nano.a(lib_a-nano-freer.o)
                0x0000000000000fb4                _free_r
 .text._malloc_r
                0x0000000000001052       0xd6 /opt/xpack/riscv-none-embed-gcc/bin/../lib/gcc/riscv-none-embed/10.2.0/../../../../riscv-none-embed/lib/rv32ec/ilp32e/libg_nano.a(lib_a-nano-mallocr.o)
                0x0000000000001052                _malloc_r
 .text.__sfputc_r
                0x0000000000001128       0x2a /opt/xpack/riscv-none-embed-gcc/bin/../lib/gcc/riscv-none-embed/10.2.0/../../../../riscv-none-embed/lib/rv32ec/ilp32e/libg_nano.a(lib_a-nano-vfprintf.o)
 .text.__sfputs_r
                0x0000000000001152       0x3e /opt/xpack/riscv-none-embed-gcc/bin/../lib/gcc/riscv-none-embed/10.2.0/../../../../riscv-none-embed/lib/rv32ec/ilp32e/libg_nano.a(lib_a-nano-vfprintf.o)
                0x0000000000001152                __sfputs_r
 .text._vfprintf_r
                0x0000000000001190      0x2b4 /opt/xpack/riscv-none-embed-gcc/bin/../lib/gcc/riscv-none-embed/10.2.0/../../../../riscv-none-embed/lib/rv32ec/ilp32e/libg_nano.a(lib_a-nano-vfprintf.o)
                0x0000000000001190                _vfiprintf_r
                0x0000000000001190                _vfprintf_r
 .text._sbrk_r  0x0000000000001444       0x28 /opt/xpack/riscv-none-embed-gcc/bin/../lib/gcc/riscv-none-embed/10.2.0/../../../../riscv-none-embed/lib/rv32ec/ilp32e/libg_nano.a(lib_a-sbrkr.o)
                0x0000000000001444                _sbrk_r
 .text.__sread  0x000000000000146c       0x30 /opt/xpack/riscv-none-embed-gcc/bin/../lib/gcc/riscv-none-embed/10.2.0/../../../../riscv-none-embed/lib/rv32ec/ilp32e/libg_nano.a(lib_a-stdio.o)
                0x000000000000146c                __sread
 .text.__swrite
                0x000000000000149c       0x4e /opt/xpack/riscv-none-embed-gcc/bin/../lib/gcc/riscv-none-embed/10.2.0/../../../../riscv-none-embed/lib/rv32ec/ilp32e/libg_nano.a(lib_a-stdio.o)
                0x000000000000149c                __swrite
 .text.__sseek  0x00000000000014ea       0x36 /opt/xpack/riscv-none-embed-gcc/bin/../lib/gcc/riscv-none-embed/10.2.0/../../../../riscv-none-embed/lib/rv32ec/ilp32e/libg_nano.a(lib_a-stdio.o)
                0x00000000000014ea                __sseek
 .text.__sclose
                0x0000000000001520        0x6 /opt/xpack/riscv-none-embed-gcc/bin/../lib/gcc/riscv-none-embed/10.2.0/../../../../riscv-none-embed/lib/rv32ec/ilp32e/libg_nano.a(lib_a-stdio.o)
                0x0000000000001520                __sclose
 .text._write_r
                0x0000000000001526       0x2c /opt/xpack/riscv-none-embed-gcc/bin/../lib/gcc/riscv-none-embed/10.2.0/../../../../riscv-none-embed/lib/rv32ec/ilp32e/libg_nano.a(lib_a-writer.o)
                0x0000000000001526                _write_r
 .text._close_r
                0x0000000000001552       0x26 /opt/xpack/riscv-none-embed-gcc/bin/../lib/gcc/riscv-none-embed/10.2.0/../../../../riscv-none-embed/lib/rv32ec/ilp32e/libg_nano.a(lib_a-closer.o)
                0x0000000000001552                _close_r
 .text._fstat_r
                0x0000000000001578       0x28 /opt/xpack/riscv-none-embed-gcc/bin/../lib/gcc/riscv-none-embed/10.2.0/../../../../riscv-none-embed/lib/rv32ec/ilp32e/libg_nano.a(lib_a-fstatr.o)
                0x0000000000001578                _fstat_r
 .text._isatty_r
                0x00000000000015a0       0x26 /opt/xpack/riscv-none-embed-gcc/bin/../lib/gcc/riscv-none-embed/10.2.0/../../../../riscv-none-embed/lib/rv32ec/ilp32e/libg_nano.a(lib_a-isattyr.o)
                0x00000000000015a0                _isatty_r
 .text._lseek_r
                0x00000000000015c6       0x2a /opt/xpack/riscv-none-embed-gcc/bin/../lib/gcc/riscv-none-embed/10.2.0/../../../../riscv-none-embed/lib/rv32ec/ilp32e/libg_nano.a(lib_a-lseekr.o)
                0x00000000000015c6                _lseek_r
 .text.memchr   0x00000000000015f0       0x1a /opt/xpack/riscv-none-embed-gcc/bin/../lib/gcc/riscv-none-embed/10.2.0/../../../../riscv-none-embed/lib/rv32ec/ilp32e/libg_nano.a(lib_a-memchr.o)
                0x00000000000015f0                memchr
 .text.__malloc_lock
                0x000000000000160a        0x2 /opt/xpack/riscv-none-embed-gcc/bin/../lib/gcc/riscv-none-embed/10.2.0/../../../../riscv-none-embed/lib/rv32ec/ilp32e/libg_nano.a(lib_a-mlock.o)
                0x000000000000160a                __malloc_lock
 .text.__malloc_unlock
                0x000000000000160c        0x2 /opt/xpack/riscv-none-embed-gcc/bin/../lib/gcc/riscv-none-embed/10.2.0/../../../../riscv-none-embed/lib/rv32ec/ilp32e/libg_nano.a(lib_a-mlock.o)
                0x000000000000160c                __malloc_unlock
 .text._printf_common
                0x000000000000160e      0x120 /opt/xpack/riscv-none-embed-gcc/bin/../lib/gcc/riscv-none-embed/10.2.0/../../../../riscv-none-embed/lib/rv32ec/ilp32e/libg_nano.a(lib_a-nano-vfprintf_i.o)
                0x000000000000160e                _printf_common
 .text._printf_i
                0x000000000000172e      0x28e /opt/xpack/riscv-none-embed-gcc/bin/../lib/gcc/riscv-none-embed/10.2.0/../../../../riscv-none-embed/lib/rv32ec/ilp32e/libg_nano.a(lib_a-nano-vfprintf_i.o)
                0x000000000000172e                _printf_i
 .text._read_r  0x00000000000019bc       0x2a /opt/xpack/riscv-none-embed-gcc/bin/../lib/gcc/riscv-none-embed/10.2.0/../../../../riscv-none-embed/lib/rv32ec/ilp32e/libg_nano.a(lib_a-readr.o)
                0x00000000000019bc                _read_r
 .text._close   0x00000000000019e6        0xc /opt/xpack/riscv-none-embed-gcc/bin/../lib/gcc/riscv-none-embed/10.2.0/../../../../riscv-none-embed/lib/rv32ec/ilp32e/libnosys.a(close.o)
                0x00000000000019e6                _close
 .text._fstat   0x00000000000019f2        0xc /opt/xpack/riscv-none-embed-gcc/bin/../lib/gcc/riscv-none-embed/10.2.0/../../../../riscv-none-embed/lib/rv32ec/ilp32e/libnosys.a(fstat.o)
                0x00000000000019f2                _fstat
 .text._isatty  0x00000000000019fe        0xc /opt/xpack/riscv-none-embed-gcc/bin/../lib/gcc/riscv-none-embed/10.2.0/../../../../riscv-none-embed/lib/rv32ec/ilp32e/libnosys.a(isatty.o)
                0x00000000000019fe                _isatty
 .text._lseek   0x0000000000001a0a        0xc /opt/xpack/riscv-none-embed-gcc/bin/../lib/gcc/riscv-none-embed/10.2.0/../../../../riscv-none-embed/lib/rv32ec/ilp32e/libnosys.a(lseek.o)
                0x0000000000001a0a                _lseek
 .text._read    0x0000000000001a16        0xc /opt/xpack/riscv-none-embed-gcc/bin/../lib/gcc/riscv-none-embed/10.2.0/../../../../riscv-none-embed/lib/rv32ec/ilp32e/libnosys.a(read.o)
                0x0000000000001a16                _read
 *(.rodata)
 *(.rodata*)
 *fill*         0x0000000000001a22        0x2 
 .rodata.main.str1.4
                0x0000000000001a24       0x22 ./User/main.o
 *fill*         0x0000000000001a46        0x2 
 .rodata.__sf_fake_stderr
                0x0000000000001a48       0x20 /opt/xpack/riscv-none-embed-gcc/bin/../lib/gcc/riscv-none-embed/10.2.0/../../../../riscv-none-embed/lib/rv32ec/ilp32e/libg_nano.a(lib_a-findfp.o)
                0x0000000000001a48                __sf_fake_stderr
 .rodata.__sf_fake_stdin
                0x0000000000001a68       0x20 /opt/xpack/riscv-none-embed-gcc/bin/../lib/gcc/riscv-none-embed/10.2.0/../../../../riscv-none-embed/lib/rv32ec/ilp32e/libg_nano.a(lib_a-findfp.o)
                0x0000000000001a68                __sf_fake_stdin
 .rodata.__sf_fake_stdout
                0x0000000000001a88       0x20 /opt/xpack/riscv-none-embed-gcc/bin/../lib/gcc/riscv-none-embed/10.2.0/../../../../riscv-none-embed/lib/rv32ec/ilp32e/libg_nano.a(lib_a-findfp.o)
                0x0000000000001a88                __sf_fake_stdout
 .rodata._vfprintf_r.str1.4
                0x0000000000001aa8       0x13 /opt/xpack/riscv-none-embed-gcc/bin/../lib/gcc/riscv-none-embed/10.2.0/../../../../riscv-none-embed/lib/rv32ec/ilp32e/libg_nano.a(lib_a-nano-vfprintf.o)
 *fill*         0x0000000000001abb        0x1 
 .rodata._printf_i.str1.4
                0x0000000000001abc       0x25 /opt/xpack/riscv-none-embed-gcc/bin/../lib/gcc/riscv-none-embed/10.2.0/../../../../riscv-none-embed/lib/rv32ec/ilp32e/libg_nano.a(lib_a-nano-vfprintf_i.o)
 *fill*         0x0000000000001ae1        0x3 
 .rodata._printf_i
                0x0000000000001ae4       0x58 /opt/xpack/riscv-none-embed-gcc/bin/../lib/gcc/riscv-none-embed/10.2.0/../../../../riscv-none-embed/lib/rv32ec/ilp32e/libg_nano.a(lib_a-nano-vfprintf_i.o)
 *(.gnu.linkonce.t.*)
                0x0000000000001b3c                . = ALIGN (0x4)

.rela.dyn       0x0000000000001b3c        0x0
 .rela.init     0x0000000000001b3c        0x0 ./User/ch32v00x_it.o
 .rela.text.handle_reset
                0x0000000000001b3c        0x0 ./User/ch32v00x_it.o
 .rela.text._sbrk
                0x0000000000001b3c        0x0 ./User/ch32v00x_it.o
 .rela.data.curbrk.0
                0x0000000000001b3c        0x0 ./User/ch32v00x_it.o
 .rela.text._vfprintf_r
                0x0000000000001b3c        0x0 ./User/ch32v00x_it.o

.fini           0x0000000000001b3c        0x0
 *(SORT_NONE(.fini))
                0x0000000000001b3c                . = ALIGN (0x4)
                [!provide]                        PROVIDE (_etext = .)
                [!provide]                        PROVIDE (_eitcm = .)

.preinit_array  0x0000000000001b3c        0x0
                [!provide]                        PROVIDE (__preinit_array_start = .)
 *(.preinit_array)
                [!provide]                        PROVIDE (__preinit_array_end = .)

.init_array     0x0000000000001b3c        0x0
                [!provide]                        PROVIDE (__init_array_start = .)
 *(SORT_BY_INIT_PRIORITY(.init_array.*) SORT_BY_INIT_PRIORITY(.ctors.*))
 *(.init_array EXCLUDE_FILE(*crtend?.o *crtend.o *crtbegin?.o *crtbegin.o) .ctors)
                [!provide]                        PROVIDE (__init_array_end = .)

.fini_array     0x0000000000001b3c        0x0
                [!provide]                        PROVIDE (__fini_array_start = .)
 *(SORT_BY_INIT_PRIORITY(.fini_array.*) SORT_BY_INIT_PRIORITY(.dtors.*))
 *(.fini_array EXCLUDE_FILE(*crtend?.o *crtend.o *crtbegin?.o *crtbegin.o) .dtors)
                [!provide]                        PROVIDE (__fini_array_end = .)

.ctors
 *crtbegin.o(.ctors)
 *crtbegin?.o(.ctors)
 *(EXCLUDE_FILE(*crtend?.o *crtend.o) .ctors)
 *(SORT_BY_NAME(.ctors.*))
 *(.ctors)

.dtors
 *crtbegin.o(.dtors)
 *crtbegin?.o(.dtors)
 *(EXCLUDE_FILE(*crtend?.o *crtend.o) .dtors)
 *(SORT_BY_NAME(.dtors.*))
 *(.dtors)

.dalign         0x0000000020000000        0x0 load address 0x0000000000001b3c
                0x0000000020000000                . = ALIGN (0x4)
                0x0000000020000000                PROVIDE (_data_vma = .)

.dlalign        0x0000000000001b3c        0x0
                0x0000000000001b3c                . = ALIGN (0x4)
                0x0000000000001b3c                PROVIDE (_data_lma = .)

.data           0x0000000020000000       0x9c load address 0x0000000000001b3c
                0x0000000020000000                . = ALIGN (0x4)
 *(.gnu.linkonce.r.*)
 *(.data .data.*)
 .data.SystemCoreClock
                0x0000000020000000        0x4 ./User/system_ch32v00x.o
                0x0000000020000000                SystemCoreClock
 .data.ADCPrescTable
                0x0000000020000004       0x14 ./Peripheral/src/ch32v00x_rcc.o
 .data.APBAHBPrescTable
                0x0000000020000018       0x10 ./Peripheral/src/ch32v00x_rcc.o
 .data.curbrk.0
                0x0000000020000028        0x4 ./Debug/debug.o
 .data.impure_data
                0x000000002000002c       0x60 /opt/xpack/riscv-none-embed-gcc/bin/../lib/gcc/riscv-none-embed/10.2.0/../../../../riscv-none-embed/lib/rv32ec/ilp32e/libg_nano.a(lib_a-impure.o)
 *(.gnu.linkonce.d.*)
                0x0000000020000090                . = ALIGN (0x8)
 *fill*         0x000000002000008c        0x4 
                0x0000000020000890                PROVIDE (__global_pointer$ = (. + 0x800))
 *(.sdata .sdata.*)
 .sdata._impure_ptr
                0x0000000020000090        0x4 /opt/xpack/riscv-none-embed-gcc/bin/../lib/gcc/riscv-none-embed/10.2.0/../../../../riscv-none-embed/lib/rv32ec/ilp32e/libg_nano.a(lib_a-impure.o)
                0x0000000020000090                _impure_ptr
 *(.sdata2*)
 *(.gnu.linkonce.s.*)
                0x0000000020000098                . = ALIGN (0x8)
 *fill*         0x0000000020000094        0x4 
 *(.srodata.cst16)
 *(.srodata.cst8)
 *(.srodata.cst4)
 *(.srodata.cst2)
 *(.srodata .srodata.*)
 .srodata._global_impure_ptr
                0x0000000020000098        0x4 /opt/xpack/riscv-none-embed-gcc/bin/../lib/gcc/riscv-none-embed/10.2.0/../../../../riscv-none-embed/lib/rv32ec/ilp32e/libg_nano.a(lib_a-impure.o)
                0x0000000020000098                _global_impure_ptr
                0x000000002000009c                . = ALIGN (0x4)
                0x000000002000009c                PROVIDE (_edata = .)

.bss            0x000000002000009c       0x14 load address 0x0000000000001bd8
                0x000000002000009c                . = ALIGN (0x4)
                0x000000002000009c                PROVIDE (_sbss = .)
 *(.sbss*)
 .sbss.__malloc_free_list
                0x000000002000009c        0x4 /opt/xpack/riscv-none-embed-gcc/bin/../lib/gcc/riscv-none-embed/10.2.0/../../../../riscv-none-embed/lib/rv32ec/ilp32e/libg_nano.a(lib_a-nano-mallocr.o)
                0x000000002000009c                __malloc_free_list
 .sbss.__malloc_sbrk_start
                0x00000000200000a0        0x4 /opt/xpack/riscv-none-embed-gcc/bin/../lib/gcc/riscv-none-embed/10.2.0/../../../../riscv-none-embed/lib/rv32ec/ilp32e/libg_nano.a(lib_a-nano-mallocr.o)
                0x00000000200000a0                __malloc_sbrk_start
 .sbss.errno    0x00000000200000a4        0x4 /opt/xpack/riscv-none-embed-gcc/bin/../lib/gcc/riscv-none-embed/10.2.0/../../../../riscv-none-embed/lib/rv32ec/ilp32e/libg_nano.a(lib_a-reent.o)
                0x00000000200000a4                errno
 *(.gnu.linkonce.sb.*)
 *(.bss*)
 .bss.NVIC_Priority_Group
                0x00000000200000a8        0x4 ./Peripheral/src/ch32v00x_misc.o
                0x00000000200000a8                NVIC_Priority_Group
 .bss.p_ms      0x00000000200000ac        0x2 ./Debug/debug.o
 .bss.p_us      0x00000000200000ae        0x1 ./Debug/debug.o
 *(.gnu.linkonce.b.*)
 *(COMMON*)
                0x00000000200000b0                . = ALIGN (0x4)
 *fill*         0x00000000200000af        0x1 
                0x00000000200000b0                PROVIDE (_ebss = .)
                0x00000000200000b0                PROVIDE (_end = _ebss)
                [!provide]                        PROVIDE (end = .)

.stack          0x0000000020000700      0x100
                0x0000000020000700                PROVIDE (_heap_end = .)
                0x0000000020000700                . = ALIGN (0x4)
                [!provide]                        PROVIDE (_susrstack = .)
                0x0000000020000800                . = (. + __stack_size)
 *fill*         0x0000000020000700      0x100 
                0x0000000020000800                PROVIDE (_eusrstack = .)
OUTPUT(GPIO_Toggle.elf elf32-littleriscv)

.debug_info     0x0000000000000000     0x2d7a
 .debug_info    0x0000000000000000       0x97 ./User/ch32v00x_it.o
 .debug_info    0x0000000000000097      0x3b4 ./User/main.o
 .debug_info    0x000000000000044b      0x36f ./User/system_ch32v00x.o
 .debug_info    0x00000000000007ba       0x22 ./Startup/startup_ch32v00x.o
 .debug_info    0x00000000000007dc      0x6d8 ./Peripheral/src/ch32v00x_gpio.o
 .debug_info    0x0000000000000eb4      0x527 ./Peripheral/src/ch32v00x_misc.o
 .debug_info    0x00000000000013db      0x83a ./Peripheral/src/ch32v00x_rcc.o
 .debug_info    0x0000000000001c15      0xada ./Peripheral/src/ch32v00x_usart.o
 .debug_info    0x00000000000026ef      0x68b ./Debug/debug.o

.debug_abbrev   0x0000000000000000      0xd35
 .debug_abbrev  0x0000000000000000       0x44 ./User/ch32v00x_it.o
 .debug_abbrev  0x0000000000000044      0x15e ./User/main.o
 .debug_abbrev  0x00000000000001a2      0x18e ./User/system_ch32v00x.o
 .debug_abbrev  0x0000000000000330       0x12 ./Startup/startup_ch32v00x.o
 .debug_abbrev  0x0000000000000342      0x1b6 ./Peripheral/src/ch32v00x_gpio.o
 .debug_abbrev  0x00000000000004f8      0x1d0 ./Peripheral/src/ch32v00x_misc.o
 .debug_abbrev  0x00000000000006c8      0x29e ./Peripheral/src/ch32v00x_rcc.o
 .debug_abbrev  0x0000000000000966      0x1ea ./Peripheral/src/ch32v00x_usart.o
 .debug_abbrev  0x0000000000000b50      0x1e5 ./Debug/debug.o

.debug_aranges  0x0000000000000000      0x388
 .debug_aranges
                0x0000000000000000       0x28 ./User/ch32v00x_it.o
 .debug_aranges
                0x0000000000000028       0x28 ./User/main.o
 .debug_aranges
                0x0000000000000050       0x28 ./User/system_ch32v00x.o
 .debug_aranges
                0x0000000000000078       0x30 ./Startup/startup_ch32v00x.o
 .debug_aranges
                0x00000000000000a8       0x90 ./Peripheral/src/ch32v00x_gpio.o
 .debug_aranges
                0x0000000000000138       0x28 ./Peripheral/src/ch32v00x_misc.o
 .debug_aranges
                0x0000000000000160       0xe0 ./Peripheral/src/ch32v00x_rcc.o
 .debug_aranges
                0x0000000000000240      0x100 ./Peripheral/src/ch32v00x_usart.o
 .debug_aranges
                0x0000000000000340       0x48 ./Debug/debug.o

.debug_ranges   0x0000000000000000      0x3a0
 .debug_ranges  0x0000000000000000       0x18 ./User/ch32v00x_it.o
 .debug_ranges  0x0000000000000018       0x18 ./User/main.o
 .debug_ranges  0x0000000000000030       0x38 ./User/system_ch32v00x.o
 .debug_ranges  0x0000000000000068       0x28 ./Startup/startup_ch32v00x.o
 .debug_ranges  0x0000000000000090       0x80 ./Peripheral/src/ch32v00x_gpio.o
 .debug_ranges  0x0000000000000110       0x60 ./Peripheral/src/ch32v00x_misc.o
 .debug_ranges  0x0000000000000170      0x108 ./Peripheral/src/ch32v00x_rcc.o
 .debug_ranges  0x0000000000000278       0xf0 ./Peripheral/src/ch32v00x_usart.o
 .debug_ranges  0x0000000000000368       0x38 ./Debug/debug.o

.debug_line     0x0000000000000000     0x404a
 .debug_line    0x0000000000000000       0x82 ./User/ch32v00x_it.o
 .debug_line    0x0000000000000082      0x414 ./User/main.o
 .debug_line    0x0000000000000496      0x624 ./User/system_ch32v00x.o
 .debug_line    0x0000000000000aba      0x1ed ./Startup/startup_ch32v00x.o
 .debug_line    0x0000000000000ca7      0xb7c ./Peripheral/src/ch32v00x_gpio.o
 .debug_line    0x0000000000001823      0x452 ./Peripheral/src/ch32v00x_misc.o
 .debug_line    0x0000000000001c75      0xda3 ./Peripheral/src/ch32v00x_rcc.o
 .debug_line    0x0000000000002a18      0xea5 ./Peripheral/src/ch32v00x_usart.o
 .debug_line    0x00000000000038bd      0x78d ./Debug/debug.o

.debug_str      0x0000000000000000     0x1350
 .debug_str     0x0000000000000000      0x19a ./User/ch32v00x_it.o
                                        0x1d3 (size before relaxing)
 .debug_str     0x000000000000019a      0x241 ./User/main.o
                                        0x3ff (size before relaxing)
 .debug_str     0x00000000000003db      0x138 ./User/system_ch32v00x.o
                                        0x34d (size before relaxing)
 .debug_str     0x0000000000000513       0x69 ./Startup/startup_ch32v00x.o
                                         0xbc (size before relaxing)
 .debug_str     0x000000000000057c      0x210 ./Peripheral/src/ch32v00x_gpio.o
                                        0x57a (size before relaxing)
 .debug_str     0x000000000000078c      0x36d ./Peripheral/src/ch32v00x_misc.o
                                        0x582 (size before relaxing)
 .debug_str     0x0000000000000af9      0x324 ./Peripheral/src/ch32v00x_rcc.o
                                        0x62b (size before relaxing)
 .debug_str     0x0000000000000e1d      0x46b ./Peripheral/src/ch32v00x_usart.o
                                        0x784 (size before relaxing)
 .debug_str     0x0000000000001288       0xc8 ./Debug/debug.o
                                        0x585 (size before relaxing)

.comment        0x0000000000000000       0x33
 .comment       0x0000000000000000       0x33 ./User/ch32v00x_it.o
                                         0x34 (size before relaxing)
 .comment       0x0000000000000033       0x34 ./User/main.o
 .comment       0x0000000000000033       0x34 ./User/system_ch32v00x.o
 .comment       0x0000000000000033       0x34 ./Peripheral/src/ch32v00x_gpio.o
 .comment       0x0000000000000033       0x34 ./Peripheral/src/ch32v00x_misc.o
 .comment       0x0000000000000033       0x34 ./Peripheral/src/ch32v00x_rcc.o
 .comment       0x0000000000000033       0x34 ./Peripheral/src/ch32v00x_usart.o
 .comment       0x0000000000000033       0x34 ./Debug/debug.o
 .comment       0x0000000000000033       0x34 /opt/xpack/riscv-none-embed-gcc/bin/../lib/gcc/riscv-none-embed/10.2.0/../../../../riscv-none-embed/lib/rv32ec/ilp32e/libg_nano.a(lib_a-printf.o)
 .comment       0x0000000000000033       0x34 /opt/xpack/riscv-none-embed-gcc/bin/../lib/gcc/riscv-none-embed/10.2.0/../../../../riscv-none-embed/lib/rv32ec/ilp32e/libg_nano.a(lib_a-puts.o)
 .comment       0x0000000000000033       0x34 /opt/xpack/riscv-none-embed-gcc/bin/../lib/gcc/riscv-none-embed/10.2.0/../../../../riscv-none-embed/lib/rv32ec/ilp32e/libg_nano.a(lib_a-wbuf.o)
 .comment       0x0000000000000033       0x34 /opt/xpack/riscv-none-embed-gcc/bin/../lib/gcc/riscv-none-embed/10.2.0/../../../../riscv-none-embed/lib/rv32ec/ilp32e/libg_nano.a(lib_a-wsetup.o)
 .comment       0x0000000000000033       0x34 /opt/xpack/riscv-none-embed-gcc/bin/../lib/gcc/riscv-none-embed/10.2.0/../../../../riscv-none-embed/lib/rv32ec/ilp32e/libg_nano.a(lib_a-fflush.o)
 .comment       0x0000000000000033       0x34 /opt/xpack/riscv-none-embed-gcc/bin/../lib/gcc/riscv-none-embed/10.2.0/../../../../riscv-none-embed/lib/rv32ec/ilp32e/libg_nano.a(lib_a-findfp.o)
 .comment       0x0000000000000033       0x34 /opt/xpack/riscv-none-embed-gcc/bin/../lib/gcc/riscv-none-embed/10.2.0/../../../../riscv-none-embed/lib/rv32ec/ilp32e/libg_nano.a(lib_a-fwalk.o)
 .comment       0x0000000000000033       0x34 /opt/xpack/riscv-none-embed-gcc/bin/../lib/gcc/riscv-none-embed/10.2.0/../../../../riscv-none-embed/lib/rv32ec/ilp32e/libg_nano.a(lib_a-impure.o)
 .comment       0x0000000000000033       0x34 /opt/xpack/riscv-none-embed-gcc/bin/../lib/gcc/riscv-none-embed/10.2.0/../../../../riscv-none-embed/lib/rv32ec/ilp32e/libg_nano.a(lib_a-makebuf.o)
 .comment       0x0000000000000033       0x34 /opt/xpack/riscv-none-embed-gcc/bin/../lib/gcc/riscv-none-embed/10.2.0/../../../../riscv-none-embed/lib/rv32ec/ilp32e/libg_nano.a(lib_a-nano-freer.o)
 .comment       0x0000000000000033       0x34 /opt/xpack/riscv-none-embed-gcc/bin/../lib/gcc/riscv-none-embed/10.2.0/../../../../riscv-none-embed/lib/rv32ec/ilp32e/libg_nano.a(lib_a-nano-mallocr.o)
 .comment       0x0000000000000033       0x34 /opt/xpack/riscv-none-embed-gcc/bin/../lib/gcc/riscv-none-embed/10.2.0/../../../../riscv-none-embed/lib/rv32ec/ilp32e/libg_nano.a(lib_a-nano-vfprintf.o)
 .comment       0x0000000000000033       0x34 /opt/xpack/riscv-none-embed-gcc/bin/../lib/gcc/riscv-none-embed/10.2.0/../../../../riscv-none-embed/lib/rv32ec/ilp32e/libg_nano.a(lib_a-sbrkr.o)
 .comment       0x0000000000000033       0x34 /opt/xpack/riscv-none-embed-gcc/bin/../lib/gcc/riscv-none-embed/10.2.0/../../../../riscv-none-embed/lib/rv32ec/ilp32e/libg_nano.a(lib_a-stdio.o)
 .comment       0x0000000000000033       0x34 /opt/xpack/riscv-none-embed-gcc/bin/../lib/gcc/riscv-none-embed/10.2.0/../../../../riscv-none-embed/lib/rv32ec/ilp32e/libg_nano.a(lib_a-writer.o)
 .comment       0x0000000000000033       0x34 /opt/xpack/riscv-none-embed-gcc/bin/../lib/gcc/riscv-none-embed/10.2.0/../../../../riscv-none-embed/lib/rv32ec/ilp32e/libg_nano.a(lib_a-closer.o)
 .comment       0x0000000000000033       0x34 /opt/xpack/riscv-none-embed-gcc/bin/../lib/gcc/riscv-none-embed/10.2.0/../../../../riscv-none-embed/lib/rv32ec/ilp32e/libg_nano.a(lib_a-fstatr.o)
 .comment       0x0000000000000033       0x34 /opt/xpack/riscv-none-embed-gcc/bin/../lib/gcc/riscv-none-embed/10.2.0/../../../../riscv-none-embed/lib/rv32ec/ilp32e/libg_nano.a(lib_a-isattyr.o)
 .comment       0x0000000000000033       0x34 /opt/xpack/riscv-none-embed-gcc/bin/../lib/gcc/riscv-none-embed/10.2.0/../../../../riscv-none-embed/lib/rv32ec/ilp32e/libg_nano.a(lib_a-lseekr.o)
 .comment       0x0000000000000033       0x34 /opt/xpack/riscv-none-embed-gcc/bin/../lib/gcc/riscv-none-embed/10.2.0/../../../../riscv-none-embed/lib/rv32ec/ilp32e/libg_nano.a(lib_a-memchr.o)
 .comment       0x0000000000000033       0x34 /opt/xpack/riscv-none-embed-gcc/bin/../lib/gcc/riscv-none-embed/10.2.0/../../../../riscv-none-embed/lib/rv32ec/ilp32e/libg_nano.a(lib_a-mlock.o)
 .comment       0x0000000000000033       0x34 /opt/xpack/riscv-none-embed-gcc/bin/../lib/gcc/riscv-none-embed/10.2.0/../../../../riscv-none-embed/lib/rv32ec/ilp32e/libg_nano.a(lib_a-nano-vfprintf_i.o)
 .comment       0x0000000000000033       0x34 /opt/xpack/riscv-none-embed-gcc/bin/../lib/gcc/riscv-none-embed/10.2.0/../../../../riscv-none-embed/lib/rv32ec/ilp32e/libg_nano.a(lib_a-readr.o)
 .comment       0x0000000000000033       0x34 /opt/xpack/riscv-none-embed-gcc/bin/../lib/gcc/riscv-none-embed/10.2.0/../../../../riscv-none-embed/lib/rv32ec/ilp32e/libg_nano.a(lib_a-reent.o)
 .comment       0x0000000000000033       0x34 /opt/xpack/riscv-none-embed-gcc/bin/../lib/gcc/riscv-none-embed/10.2.0/../../../../riscv-none-embed/lib/rv32ec/ilp32e/libnosys.a(close.o)
 .comment       0x0000000000000033       0x34 /opt/xpack/riscv-none-embed-gcc/bin/../lib/gcc/riscv-none-embed/10.2.0/../../../../riscv-none-embed/lib/rv32ec/ilp32e/libnosys.a(fstat.o)
 .comment       0x0000000000000033       0x34 /opt/xpack/riscv-none-embed-gcc/bin/../lib/gcc/riscv-none-embed/10.2.0/../../../../riscv-none-embed/lib/rv32ec/ilp32e/libnosys.a(isatty.o)
 .comment       0x0000000000000033       0x34 /opt/xpack/riscv-none-embed-gcc/bin/../lib/gcc/riscv-none-embed/10.2.0/../../../../riscv-none-embed/lib/rv32ec/ilp32e/libnosys.a(lseek.o)
 .comment       0x0000000000000033       0x34 /opt/xpack/riscv-none-embed-gcc/bin/../lib/gcc/riscv-none-embed/10.2.0/../../../../riscv-none-embed/lib/rv32ec/ilp32e/libnosys.a(read.o)

.debug_frame    0x0000000000000000      0x6a4
 .debug_frame   0x0000000000000000       0x30 ./User/ch32v00x_it.o
 .debug_frame   0x0000000000000030       0x48 ./User/main.o
 .debug_frame   0x0000000000000078       0x4c ./User/system_ch32v00x.o
 .debug_frame   0x00000000000000c4      0x12c ./Peripheral/src/ch32v00x_gpio.o
 .debug_frame   0x00000000000001f0       0x30 ./Peripheral/src/ch32v00x_misc.o
 .debug_frame   0x0000000000000220      0x1b8 ./Peripheral/src/ch32v00x_rcc.o
 .debug_frame   0x00000000000003d8      0x204 ./Peripheral/src/ch32v00x_usart.o
 .debug_frame   0x00000000000005dc       0xc8 ./Debug/debug.o

.debug_loc      0x0000000000000000     0x1685
 .debug_loc     0x0000000000000000       0x1f ./User/main.o
 .debug_loc     0x000000000000001f       0x64 ./User/system_ch32v00x.o
 .debug_loc     0x0000000000000083      0x674 ./Peripheral/src/ch32v00x_gpio.o
 .debug_loc     0x00000000000006f7       0xcd ./Peripheral/src/ch32v00x_misc.o
 .debug_loc     0x00000000000007c4      0x615 ./Peripheral/src/ch32v00x_rcc.o
 .debug_loc     0x0000000000000dd9      0x704 ./Peripheral/src/ch32v00x_usart.o
 .debug_loc     0x00000000000014dd      0x1a8 ./Debug/debug.o
